<html>
<body>
<pre>
<h1>�Vision Build Log</h1>
<h2>Tool Versions:</h2>
IDE-Version: ��Vision V5.24.2.0
Copyright (C) 2017 ARM Ltd and ARM Germany GmbH. All rights reserved.
License Information:   ,   , LIC=----
 
Tool Versions:
Toolchain:       MDK-ARM Plus  Version: 5.24.1
Toolchain Path:  D:\Keil ARM\ARM\ARMCC\Bin
C Compiler:      Armcc.exe V5.06 update 5 (build 528)
Assembler:       Armasm.exe V5.06 update 5 (build 528)
Linker/Locator:  ArmLink.exe V5.06 update 5 (build 528)
Library Manager: ArmAr.exe V5.06 update 5 (build 528)
Hex Converter:   FromElf.exe V5.06 update 5 (build 528)
CPU DLL:         SARMCM3.DLL V5.24.1
Dialog DLL:      DCM.DLL V1.16.0.0
Target DLL:      STLink\ST-LINKIII-KEIL_SWO.dll V3.0.1.0
Dialog DLL:      TCM.DLL V1.32.0.0
 
<h2>Project:</h2>
D:\study project\car\CarV4.0\Project.uvprojx
Project File Date:  05/24/2026

<h2>Output:</h2>
*** Using Compiler 'V5.06 update 5 (build 528)', folder: 'D:\Keil ARM\ARM\ARMCC\Bin'
Rebuild target 'Target 1'
assembling startup_stm32f10x_md.s...
compiling core_cm3.c...
compiling misc.c...
compiling stm32f10x_crc.c...
compiling stm32f10x_cec.c...
compiling system_stm32f10x.c...
compiling stm32f10x_bkp.c...
compiling stm32f10x_dbgmcu.c...
compiling stm32f10x_adc.c...
compiling stm32f10x_exti.c...
compiling stm32f10x_dac.c...
compiling stm32f10x_dma.c...
compiling stm32f10x_flash.c...
compiling stm32f10x_can.c...
compiling stm32f10x_fsmc.c...
compiling stm32f10x_gpio.c...
compiling stm32f10x_i2c.c...
compiling stm32f10x_iwdg.c...
compiling stm32f10x_pwr.c...
compiling stm32f10x_rtc.c...
compiling stm32f10x_rcc.c...
compiling stm32f10x_sdio.c...
compiling stm32f10x_spi.c...
compiling OLED_Data.c...
compiling stm32f10x_wwdg.c...
compiling stm32f10x_usart.c...
compiling Delay.c...
compiling stm32f10x_tim.c...
compiling Encoder.c...
compiling OLED.c...
compiling sys.c...
compiling jy61p.c...
compiling Key.c...
compiling Motor.c...
compiling Timer.c...
compiling usart.c...
compiling Track.c...
compiling stm32f10x_it.c...
compiling openmv.c...
compiling main.c...
User\main.c(155): warning:  #1182-D: a declaration cannot have a label
                      int offset = (int)(pos * PROPORTIONAL_COEFF);
User\main.c(118): warning:  #546-D: transfer of control bypasses initialization of:
            variable "offset"  (declared at line 155)
            variable "L_Speed"  (declared at line 156)
            variable "R_Speed"  (declared at line 157)
          switch (car_state)
          ^
User\main.c(41): warning:  #177-D: variable "vertical_adj_cnt"  was declared but never referenced
  static uint16_t vertical_adj_cnt = 0;   // 垂直进入微调计数
User\main.c(42): warning:  #177-D: variable "delay_timer"  was declared but never referenced
  static uint16_t delay_timer;     // 通用延时计数�? (如果需要在状态机中实现非阻塞延时)
User\main.c: 4 warnings, 0 errors
linking...
Program Size: Code=15244 RO-data=5164 RW-data=80 ZI-data=2672  
FromELF: creating hex file...
".\Objects\Project.axf" - 0 Error(s), 4 Warning(s).

<h2>Software Packages used:</h2>

Package Vendor: Keil
                http://www.keil.com/pack/Keil.STM32F1xx_DFP.2.2.0.pack
                Keil.STM32F1xx_DFP.2.2.0
                STMicroelectronics STM32F1 Series Device Support, Drivers and Examples

<h2>Collection of Component include folders:</h2>
  .\RTE\_Target_1
  D:\Keil ARM\ARM\PACK\Keil\STM32F1xx_DFP\2.2.0\Device\Include

<h2>Collection of Component Files used:</h2>
Build Time Elapsed:  00:00:02
</pre>
</body>
</html>
